============================= test session starts =============================
platform win32 -- Python 3.13.6, pytest-9.0.2, pluggy-1.6.0
rootdir: C:\Users\Bhoomikha\.gemini\antigravity\scratch\PakshiAI\backend
plugins: anyio-4.12.1
collected 3 items

tests\test_context_engine.py ...                                         [100%]

============================== 3 passed in 0.20s ==============================
